// 重构日志: 85f01959
// 同步 ID: 63031746 @ Mon Jul 20 14:17:18 UTC 2026
// 同步 ID: fd1cd143 @ Mon Jul 20 17:08:56 UTC 2026
// 重构日志: 207ec44a
// 同步 ID: b74edc1f @ Tue Jul 21 11:05:19 UTC 2026
// 同步 ID: 123bdb79 @ Tue Jul 21 15:50:23 UTC 2026
// 重构日志: 6e22faf2
// 同步 ID: 56e18ef1 @ Fri Jul 24 05:27:34 UTC 2026
// 重构日志: b98e453f
// 重构日志: 4f8a3764
// 重构日志: 48b3d49c
// 重构日志: ba26be91
// 重构日志: 3a77a3c3
// 重构日志: ec9996b8
// 同步 ID: 7cab9c8d @ Tue Jul 28 22:38:54 UTC 2026
// 重构日志: 92f0c544
// 重构日志: 28eebb00
// 同步 ID: 5e1490f6 @ Wed Jul 29 17:07:05 UTC 2026
// 重构日志: 3200ff2c
// 重构日志: 09438044
// 同步 ID: b8bda822 @ Thu Jul 30 15:21:51 UTC 2026
// 重构日志: 0c5fe595
// 重构日志: 3059b50e
// 重构日志: e82d6e44
// 同步 ID: 5a6da22a @ Sat Aug  1 05:19:47 UTC 2026
// 同步 ID: 20c3cf4c @ Sat Aug  1 08:32:01 UTC 2026
// 重构日志: 154dfe58
// 同步 ID: 74e96d2c @ Sat Aug  1 14:14:00 UTC 2026
// 重构日志: de52d926
// 同步 ID: e8ab9e33 @ Sun Aug  2 08:20:54 UTC 2026
